---
source: modules/dynamic-template/tests/multitrack_examples/bon_jovi_you_give_love_a_bad_name.rs
expression: structure.to_tree_string()
---
-Drums: [Drums.PNT.L.wav, Drums.PNT.R.wav]
-Percussion: [095 Pop Tamb.L.wav, 095 Pop Tamb.R.wav]
-Bass: [Bass.wav]
-Guitars
--Electric
---Solo: [Guitar Solo.wav]
---Main: [Guitar Slide.wav]
--Acoustic: [Acoustic.Right.wav, Acoustic.wav]
--Banjo: [banjo.One.wav, banjo.Solo.wav, banjo.Two.wav]
-Vocals
--Lead: [Vocal.Tune.Lead.wav]
--BGVs: [Vocal.Harmony.One.wav, Vocal.Harmony.Two.wav]
-Reference: [You Give Love A Bad Name.PRINT.L.wav, You Give Love A Bad Name.PRINT.R.wav]
-Unsorted: [Fiddle PNT.L.wav, Fiddle PNT.R.wav, Mando.wav]
